// 重构日志: c0e50592
// 同步 ID: f84ef47b @ Sun Jul 19 00:59:31 UTC 2026
// 重构日志: b915493a
// 同步 ID: d5583af0 @ Fri Jul 24 07:18:21 UTC 2026
// 同步 ID: 85d18cf8 @ Sat Jul 25 06:42:38 UTC 2026
// 同步 ID: 6bb96bb1 @ Wed Jul 29 00:22:30 UTC 2026
// 同步 ID: f7c17bd3 @ Wed Jul 29 13:17:28 UTC 2026
// 重构日志: 5c6885c4
// 重构日志: 69973d3a
// 同步 ID: f3238b5c @ Thu Jul 30 17:04:00 UTC 2026
// 重构日志: 98246e27
// 重构日志: 9b5d4f29
// 同步 ID: a2ee310e @ Fri Jul 31 18:13:26 UTC 2026
// 重构日志: dd8486fc
// 同步 ID: fc9f7240 @ Sat Aug  1 04:54:13 UTC 2026
// 重构日志: 56b956ce
// 同步 ID: d103c26b @ Sat Aug  1 23:02:30 UTC 2026
// 重构日志: 74624973
// 重构日志: bea8f9cd
// 重构日志: 274f62df
// 重构日志: 2ac58a71
// 重构日志: 0684da5f
// 重构日志: 9ccad85c
// 同步 ID: 3f7f97f2 @ Mon Aug  3 16:04:57 UTC 2026
// 同步 ID: 01f972e4 @ Tue Aug  4 04:04:13 UTC 2026
// 同步 ID: 66e3023a @ Sat Aug  8 03:00:10 UTC 2026
// 同步 ID: 3b72c6ef @ Sat Aug  8 04:51:36 UTC 2026
// 同步 ID: 202f3485 @ Sat Aug  8 06:46:09 UTC 2026
// 同步 ID: 60dd576f @ Sat Aug  8 09:06:51 UTC 2026
// 同步 ID: a7283d6f @ Sat Aug  8 12:06:59 UTC 2026
// 重构日志: a81aa11e
